
> flyvpn-backend@1.0.0 test
> jest src/common/middleware/waf.middleware.spec.ts

[33m[Nest] 11196  - [39m01/06/2026, 2:55:34 PM [33m   WARN[39m [38;5;3m[WafMiddleware] [39m[33mBlocked Bot: sqlmap/1.0 - IP: 127.0.0.1[39m
[33m[Nest] 11196  - [39m01/06/2026, 2:55:34 PM [33m   WARN[39m [38;5;3m[WafMiddleware] [39m[33mSQL Injection Attempt detected: ' or '1'='1 - IP: 127.0.0.1[39m
[33m[Nest] 11196  - [39m01/06/2026, 2:55:34 PM [33m   WARN[39m [38;5;3m[WafMiddleware] [39m[33mSQL Injection Attempt detected: union select * from users - IP: 127.0.0.1[39m
[33m[Nest] 11196  - [39m01/06/2026, 2:55:34 PM [33m   WARN[39m [38;5;3m[WafMiddleware] [39m[33mSQL Injection Attempt detected: <script>alert('xss')</script> - IP: 127.0.0.1[39m
[33m[Nest] 11196  - [39m01/06/2026, 2:55:34 PM [33m   WARN[39m [38;5;3m[WafMiddleware] [39m[33mXSS Attempt detected: javascript:alert(1) - IP: 127.0.0.1[39m
[33m[Nest] 11196  - [39m01/06/2026, 2:55:34 PM [33m   WARN[39m [38;5;3m[WafMiddleware] [39m[33mLFI Attempt detected: ../../../etc/passwd - IP: 127.0.0.1[39m
[33m[Nest] 11196  - [39m01/06/2026, 2:55:34 PM [33m   WARN[39m [38;5;3m[WafMiddleware] [39m[33mRFI Attempt detected: http://attacker.com/shell.php - IP: 127.0.0.1[39m
[33m[Nest] 11196  - [39m01/06/2026, 2:55:34 PM [33m   WARN[39m [38;5;3m[WafMiddleware] [39m[33mRCE Attempt detected: cat /etc/passwd - IP: 127.0.0.1[39m
[33m[Nest] 11196  - [39m01/06/2026, 2:55:34 PM [33m   WARN[39m [38;5;3m[WafMiddleware] [39m[33mXSS Attempt detected: hello <script>bad()</script> - IP: 127.0.0.1[39m
node.exe : FAIL 
src/common/middleware/waf.middleware.spec.ts (6.163 s)
At C:\Program Files\nodejs\npm.ps1:16 char:5
+     & "$basedir/node$exe"  
"$basedir/node_modules/npm/bin/npm-cli.js" ...
+     ~~~~~~~~~~~~~~~~~~~~~~~~~~~~~~~~~~~~~~~~~~~~~~~~~
~~~~~~~~~~~~~~~~
    + CategoryInfo          : NotSpecified: (FAIL src/ 
   common...ec.ts (6.163 s):String) [], RemoteExcepti  
  on
    + FullyQualifiedErrorId : NativeCommandError
 
  WafMiddleware
    ΓêÜ should allow benign requests (6 ms)
    Bot Detection
      ΓêÜ should block known bot user-agents (19 ms)
      ΓêÜ should allow normal user-agents (1 ms)
    SQL Injection
      ΓêÜ should block SQL injection in body (2 ms)
      ΓêÜ should block SQL injection in query params 
(1 ms)
    XSS Attacks
      ├ù should block script tags (21 ms)
      ΓêÜ should block javascript: uri (1 ms)
    LFI/RFI Attacks
      ΓêÜ should block directory traversal (LFI) (1 ms)
      ΓêÜ should block remote file inclusion (RFI) (2 
ms)
    RCE Attacks
      ΓêÜ should block system commands (2 ms)
    Nested Objects
      ΓêÜ should detect attacks in deeply nested 
objects (2 ms)

  ΓùÅ WafMiddleware ΓÇ║ XSS Attacks ΓÇ║ should block 
script tags

    expect(received).toThrow(expected)

    Expected substring: "Access Denied (XSS Checks)"
    Received message:   "Access Denied (SQL Checks)"

        [0m [90m 59 |[39m       [36mif[39m ([36mt
his[39m[33m.[39mcheckAttack(lowerInput[33m,[39m 
[32m'SQL'[39m)) {
         [90m 60 |[39m           [36mthis[39m[33m.
[39mlogger[33m.[39mwarn([32m`SQL Injection Attempt 
detected: ${lowerInput} - IP: 
${req.ip}`[39m)[33m;[39m
        [31m[1m>[22m[39m[90m 61 |[39m           
[36mthrow[39m [36mnew[39m 
[33mHttpException[39m([32m'Access Denied (SQL 
Checks)'[39m[33m,[39m [33mHttpStatus[39m[33m.[39
m[33mBAD_REQUEST[39m)[33m;[39m
         [90m    |[39m                 
[31m[1m^[22m[39m
         [90m 62 |[39m       }
         [90m 63 |[39m       [36mif[39m ([36mthis
[39m[33m.[39mcheckAttack(lowerInput[33m,[39m 
[32m'XSS'[39m)) {
         [90m 64 |[39m           [36mthis[39m[33m.
[39mlogger[33m.[39mwarn([32m`XSS Attempt detected: 
${lowerInput} - IP: ${req.ip}`[39m)[33m;[39m[0m

      at WafMiddleware.use 
(common/middleware/waf.middleware.ts:61:17)
      at common/middleware/waf.middleware.spec.ts:73:20
      at Object.<anonymous> 
(../node_modules/expect/build/toThrowMatchers.js:74:11)
      at Object.throwingMatcher [as toThrow] 
(../node_modules/expect/build/index.js:320:21)
      at Object.<anonymous> 
(common/middleware/waf.middleware.spec.ts:74:10)
      at Object.<anonymous> 
(common/middleware/waf.middleware.spec.ts:74:10)

Test Suites: 1 failed, 1 total
Tests:       1 failed, 10 passed, 11 total
Snapshots:   0 total
Time:        6.825 s, estimated 7 s
Ran all test suites matching 
/src\\common\\middleware\\waf.middleware.spec.ts/i.
